src/app/(admin)/login/page.tsx(2,29): error TS2305: Module '"@/components/ui/card"' has no exported member 'CardDescription'.
src/app/(public)/page.tsx(1,29): error TS2305: Module '"@/components/ui/card"' has no exported member 'CardDescription'.
src/app/admin/page.tsx(130,60): error TS7006: Parameter 'p' implicitly has an 'any' type.
src/app/history/page.tsx(26,42): error TS7006: Parameter 'p' implicitly has an 'any' type.
src/app/page.tsx(50,8): error TS7006: Parameter 'p' implicitly has an 'any' type.
src/app/page.tsx(54,39): error TS7006: Parameter 'p' implicitly has an 'any' type.
src/app/page.tsx(55,39): error TS7006: Parameter 'p' implicitly has an 'any' type.
src/app/page.tsx(83,34): error TS7006: Parameter 'p' implicitly has an 'any' type.
src/app/page.tsx(105,34): error TS7006: Parameter 'p' implicitly has an 'any' type.
src/lib/db.ts(1,10): error TS2305: Module '"@prisma/client"' has no exported member 'PrismaClient'.
